Script started on Thu 11 Apr 2019 12:14:10 PM PDT
hayese20@CF165-07:~$ mkdir csci241
mkdir: cannot create directory ‘csci241’: File exists
hayese20@CF165-07:~$ cd csci241
hayese20@CF165-07:~/csci241$ ls
hayese20@CF165-07:~/csci241$ git clone https:github.com/CSCI241Spring2019/lib-1- EleanorHayes
Cloning into 'lib-1-EleanorHayes'...
ssh: Could not resolve hostname https: Name or service not known
fatal: Could not read from remote repository.

Please make sure you have the correct access rights
and the repository exists.
hayese20@CF165-07:~/csci241$ [Khayese20@CF165-07:~/csci241$ git clode[K[Kne ^B[K^V^V^V[K[K
fatal: repository '' does not exist
hayese20@CF165-07:~/csci241$ https://github.com/CSCI241Spring2019/lab-1-EleanorHayes.git
bash: https://github.com/CSCI241Spring2019/lab-1-EleanorHayes.git: No such file or directory
hayese20@CF165-07:~/csci241$ https://github.com/CSCI241Spring2019/lab-1-EleanorHayes.gitghttps://github.com/CSCI241Spring2019/lab-1-EleanorHayes.git[C[C[C[C[C[C[C[C[C[C[C[C[C[C[C[C[C[C[C[C[C[C[C[C[C[C[C[C[C[Cihttps://github.com/CSCI241Spring2019/lab-1-EleanorHayes.git[C[C[C[C[C[C[C[C[C[C[C[C[C[C[C[C[C[C[C[C[C[C[C[C[C[C[C[C[C[C[Cthttps://github.com/CSCI241Spring2019/lab-1-EleanorHayes.git[C[C[C[C[C[C[C[C[C[C[C[C[C[C[C[C[C[C[C[C[C[C[C[C[C[C[C[C[C[C[C[C https://github.com/CSCI241Spring2019/lab-1-EleanorHayes.git[C[C[C[C[C[C[C[C[C[C[C[C[C[C[C[C[C[C[C[C[C[C[C[C[C[C[C[C[C[C[C[C[Cchttps://github.com/CSCI241Spring2019/lab-1-EleanorHayes.git[C[C[C[C[C[C[C[C[C[C[C[C[C[C[C[C[C[C[C[C[C[C[C[C[C[C[C[C[C[C[C[C[C[Clhttps://github.com/CSCI241Spring2019/lab-1-EleanorHayes.git[C[C[C[C[C[C[C[C[C[C[C[C[C[C[C[C[C[C[C[C[C[C[C[C[C[C[C[C[C[C[C[C[C[C[Cohttps://github.com/CSCI241Spring2019/lab-1-EleanorHayes.git [A[C[C[C[C[C[C[C[C[C[C[C[C[C[C[C[C[C[C[C[C[C[C[C[C[C[C[C[C[C[C[C[C[C[C[Cnhttps://github.com/CSCI241Spring2019/lab-1-EleanorHayes.gitt[A[C[C[C[C[C[C[C[C[C[C[C[C[C[C[C[C[C[C[C[C[C[C[C[C[C[C[C[C[C[C[C[C[C[C[C[Cehttps://github.com/CSCI241Spring2019/lab-1-EleanorHayes.git[A[C[C[C[C[C[C[C[C[C[C[C[C[C[C[C[C[C[C[C[C[C[C[C[C[C[C[C[C[C[C[C[C[C[C[C[C https://github.com/CSCI241Spring2019/lab-1-EleanorHayes.git[A[C[C[C[C[C[C[C[C[C[C[C[C[C[C[C[C[C[C[C[C[C[C[C[C[C[C[C[C[C[C[C[C[C[C[C[C

Cloning into 'lab-1-EleanorHayes'...
remote: Enumerating objects: 8, done.[K
remote: Counting objects:  12% (1/8)   [Kremote: Counting objects:  25% (2/8)   [Kremote: Counting objects:  37% (3/8)   [Kremote: Counting objects:  50% (4/8)   [Kremote: Counting objects:  62% (5/8)   [Kremote: Counting objects:  75% (6/8)   [Kremote: Counting objects:  87% (7/8)   [Kremote: Counting objects: 100% (8/8)   [Kremote: Counting objects: 100% (8/8), done.[K
remote: Compressing objects:  25% (1/4)   [Kremote: Compressing objects:  50% (2/4)   [Kremote: Compressing objects:  75% (3/4)   [Kremote: Compressing objects: 100% (4/4)   [Kremote: Compressing objects: 100% (4/4), done.[K
remote: Total 8 (delta 0), reused 8 (delta 0), pack-reused 0[K
Unpacking objects:  12% (1/8)   Unpacking objects:  25% (2/8)   Unpacking objects:  37% (3/8)   Unpacking objects:  50% (4/8)   Unpacking objects:  62% (5/8)   Unpacking objects:  75% (6/8)   Unpacking objects:  87% (7/8)   Unpacking objects: 100% (8/8)   Unpacking objects: 100% (8/8), done.
Checking connectivity... done.
hayese20@CF165-07:~/csci241$ cd lab-1-EleanorHayes
hayese20@CF165-07:~/csci241/lab-1-EleanorHayes$ git config --global user.name "EleanorHa=[K[K[K Hayes"
hayese20@CF165-07:~/csci241/lab-1-EleanorHayes$ fit config[K[K[K[K[K[K[K[K[K[Kgit config --gloval user.email hayese20@wwu.edu [A[C[C[C[C[C[C[C[C[C[C[C[C[C[C[C[C[C[C[C[C[C[C[C[C[C[C[C[C[C[C[C[C[C[C[C[C[C[C[C[C[C[C[C[C[C[C[C[C[C[C[C[C[C[C[C[C[C[C[C[C[C[C[C[C[C[C[C[C[C[C[C[C[C[C[C[C[C[C[C[C[C[C[C[C[C[C[C[C[C[C[C[C[C[C[Ku
error: unknown option `gloval'
usage: git config [<options>]

Config file location
    --global              use global config file
    --system              use system config file
    --local               use repository config file
    -f, --file <file>     use given config file
    --blob <blob-id>      read config from given blob object

Action
    --get                 get value: name [value-regex]
    --get-all             get all values: key [value-regex]
    --get-regexp          get values for regexp: name-regex [value-regex]
    --get-urlmatch        get value specific for the URL: section[.var] URL
    --replace-all         replace all matching variables: name value [value_regex]
    --add                 add a new variable: name value
    --unset               remove a variable: name [value-regex]
    --unset-all           remove all matches: name [value-regex]
    --rename-section      rename section: old-name new-name
    --remove-section      remove a section: name
    -l, --list            list all
    -e, --edit            open an editor
    --get-color           find the color configured: slot [default]
    --get-colorbool       find the color setting: slot [stdout-is-tty]

Type
    --bool                value is "true" or "false"
    --int                 value is decimal number
    --bool-or-int         value is --bool or --int
    --path                value is a path (file or directory name)

Other
    -z, --null            terminate values with NUL byte
    --name-only           show variable names only
    --includes            respect include directives on lookup

hayese20@CF165-07:~/csci241/lab-1-EleanorHayes$ [Khayese20@CF165-07:~/csci241/lab-1-EleanorHayes$ git config --global user.email hayese20@wwu.edy[Ku
hayese20@CF165-07:~/csci241/lab-1-EleanorHayes$ [Khayese20@CF165-07:~/csci241/lab-1-EleanorHayes$ touch writeup.txt
hayese20@CF165-07:~/csci241/lab-1-EleanorHayes$ git add writeup.txt
hayese20@CF165-07:~/csci241/lab-1-EleanorHayes$ git commit -m "added empty writeup[1P[1@A[C[1P[C[C[C[C[C[1@z[1P[1P[1@S[1P[1@ [1@A[1P[C[1P[C[C[C[C[C[C[C[C[C[C[C[C[C[C[C[C[C[1Pp[1Pp[C[K[K[K[K[K[K[K[K[K[K[K[K[K[K[K[K"Added empty writeup"
[master eb4028f] Added empty writeup
 1 file changed, 0 insertions(+), 0 deletions(-)
 create mode 100644 writeup.txt
hayese20@CF165-07:~/csci241/lab-1-EleanorHayes$ git push irigin[K[K[K[K[K[Korigin master
Username for 'https://github.com': EleanorHayes
Password for 'https://EleanorHayes@github.com': 
Counting objects: 3, done.
Delta compression using up to 8 threads.
Compressing objects:  50% (1/2)   Compressing objects: 100% (2/2)   Compressing objects: 100% (2/2), done.
Writing objects:  33% (1/3)   Writing objects:  66% (2/3)   Writing objects: 100% (3/3)   Writing objects: 100% (3/3), 317 bytes | 0 bytes/s, done.
Total 3 (delta 0), reused 0 (delta 0)
To https://github.com/CSCI241Spring2019/lab-1-EleanorHayes.git
   1523c09..eb4028f  master -> master
hayese20@CF165-07:~/csci241/lab-1-EleanorHayes$ git add writeup.txt
hayese20@CF165-07:~/csci241/lab-1-EleanorHayes$ git commit -m "added part 1(n[K[K (names) to writeup"
On branch master
Your branch is up-to-date with 'origin/master'.
nothing to commit, working directory clean
hayese20@CF165-07:~/csci241/lab-1-EleanorHayes$ git status
On branch master
Your branch is up-to-date with 'origin/master'.
nothing to commit, working directory clean
hayese20@CF165-07:~/csci241/lab-1-EleanorHayes$ git status
On branch master
Your branch is up-to-date with 'origin/master'.
nothing to commit, working directory clean
hayese20@CF165-07:~/csci241/lab-1-EleanorHayes$ git add writeup.txt
hayese20@CF165-07:~/csci241/lab-1-EleanorHayes$ git status
On branch master
Your branch is up-to-date with 'origin/master'.
nothing to commit, working directory clean
hayese20@CF165-07:~/csci241/lab-1-EleanorHayes$ git commit -m "added part 2(hobbies)[K[K[K[K[K[K[K[K[K (hobbiers[K[K[Kes) to writeup"
On branch master
Your branch is up-to-date with 'origin/master'.
nothing to commit, working directory clean
hayese20@CF165-07:~/csci241/lab-1-EleanorHayes$ git add writeup.txt[K[K[K[K[K[K[K[K[K[K[K[K[K[K[Kstatis[K[Kus
On branch master
Your branch is up-to-date with 'origin/master'.
nothing to commit, working directory clean
hayese20@CF165-07:~/csci241/lab-1-EleanorHayes$ git add writeup.txt
hayese20@CF165-07:~/csci241/lab-1-EleanorHayes$ g[Kgit push writeup/[K.txt[K[K[K[K[K[K[K[K[K[K[Korigin master
Username for 'https://github.com': EleanorHayes
Password for 'https://EleanorHayes@github.com': 
To https://github.com/CSCI241Spring2019/lab-1-EleanorHayes.git
 ! [rejected]        master -> master (fetch first)
error: failed to push some refs to 'https://github.com/CSCI241Spring2019/lab-1-EleanorHayes.git'
hint: Updates were rejected because the remote contains work that you do
hint: not have locally. This is usually caused by another repository pushing
hint: to the same ref. You may want to first integrate the remote changes
hint: (e.g., 'git pull ...') before pushing again.
hint: See the 'Note about fast-forwards' in 'git push --help' for details.
hayese20@CF165-07:~/csci241/lab-1-EleanorHayes$ git add writeup.txt
hayese20@CF165-07:~/csci241/lab-1-EleanorHayes$ git commit -m "added part 1 (names) to rw[K[Kwriteup"
On branch master
Your branch is up-to-date with 'origin/master'.
nothing to commit, working directory clean
hayese20@CF165-07:~/csci241/lab-1-EleanorHayes$ git status
On branch master
Your branch is up-to-date with 'origin/master'.
nothing to commit, working directory clean
hayese20@CF165-07:~/csci241/lab-1-EleanorHayes$ git add writeup.txt
hayese20@CF165-07:~/csci241/lab-1-EleanorHayes$ git commit -m "added part 2 ( [Khobbies) to writeup"
[master 9ad7e70] added part 2 (hobbies) to writeup
 1 file changed, 2 insertions(+)
hayese20@CF165-07:~/csci241/lab-1-EleanorHayes$ git push
warning: push.default is unset; its implicit value has changed in
Git 2.0 from 'matching' to 'simple'. To squelch this message
and maintain the traditional behavior, use:

  git config --global push.default matching

To squelch this message and adopt the new behavior now, use:

  git config --global push.default simple

When push.default is set to 'matching', git will push local branches
to the remote branches that already exist with the same name.

Since Git 2.0, Git defaults to the more conservative 'simple'
behavior, which only pushes the current branch to the corresponding
remote branch that 'git pull' uses to update the current branch.

See 'git help config' and search for 'push.default' for further information.
(the 'simple' mode was introduced in Git 1.7.11. Use the similar mode
'current' instead of 'simple' if you sometimes use older versions of Git)

Username for 'https://github.com': Elh eanorHayes
Password for 'https://EleanorHayes@github.com': 
To https://github.com/CSCI241Spring2019/lab-1-EleanorHayes.git
 ! [rejected]        master -> master (fetch first)
error: failed to push some refs to 'https://github.com/CSCI241Spring2019/lab-1-EleanorHayes.git'
hint: Updates were rejected because the remote contains work that you do
hint: not have locally. This is usually caused by another repository pushing
hint: to the same ref. You may want to first integrate the remote changes
hint: (e.g., 'git pull ...') before pushing again.
hint: See the 'Note about fast-forwards' in 'git push --help' for details.
hayese20@CF165-07:~/csci241/lab-1-EleanorHayes$ gi t[K[Kt status
On branch master
Your branch is ahead of 'origin/master' by 1 commit.
  (use "git push" to publish your local commits)
nothing to commit, working directory clean
hayese20@CF165-07:~/csci241/lab-1-EleanorHayes$ git push
warning: push.default is unset; its implicit value has changed in
Git 2.0 from 'matching' to 'simple'. To squelch this message
and maintain the traditional behavior, use:

  git config --global push.default matching

To squelch this message and adopt the new behavior now, use:

  git config --global push.default simple

When push.default is set to 'matching', git will push local branches
to the remote branches that already exist with the same name.

Since Git 2.0, Git defaults to the more conservative 'simple'
behavior, which only pushes the current branch to the corresponding
remote branch that 'git pull' uses to update the current branch.

See 'git help config' and search for 'push.default' for further information.
(the 'simple' mode was introduced in Git 1.7.11. Use the similar mode
'current' instead of 'simple' if you sometimes use older versions of Git)

Username for 'https://github.com': EleanorHayes
Password for 'https://EleanorHayes@github.com': 
To https://github.com/CSCI241Spring2019/lab-1-EleanorHayes.git
 ! [rejected]        master -> master (fetch first)
error: failed to push some refs to 'https://github.com/CSCI241Spring2019/lab-1-EleanorHayes.git'
hint: Updates were rejected because the remote contains work that you do
hint: not have locally. This is usually caused by another repository pushing
hint: to the same ref. You may want to first integrate the remote changes
hint: (e.g., 'git pull ...') before pushing again.
hint: See the 'Note about fast-forwards' in 'git push --help' for details.
hayese20@CF165-07:~/csci241/lab-1-EleanorHayes$ git status
On branch master
Your branch is ahead of 'origin/master' by 1 commit.
  (use "git push" to publish your local commits)
nothing to commit, working directory clean
hayese20@CF165-07:~/csci241/lab-1-EleanorHayes$ git add writei[K[K[K[K[K[K[K[K[K[K[K[K[K[Kgit status
On branch master
Your branch is ahead of 'origin/master' by 1 commit.
  (use "git push" to publish your local commits)
Changes not staged for commit:
  (use "git add <file>..." to update what will be committed)
  (use "git checkout -- <file>..." to discard changes in working directory)

	[31mmodified:   writeup.txt[m

no changes added to commit (use "git add" and/or "git commit -a")
hayese20@CF165-07:~/csci241/lab-1-EleanorHayes$ add writeup.txt[1@g[1@i[1@t[1@ 
hayese20@CF165-07:~/csci241/lab-1-EleanorHayes$ git status
On branch master
Your branch is ahead of 'origin/master' by 1 commit.
  (use "git push" to publish your local commits)
Changes to be committed:
  (use "git reset HEAD <file>..." to unstage)

	[32mmodified:   writeup.txt[m

hayese20@CF165-07:~/csci241/lab-1-EleanorHayes$ git push [K
warning: push.default is unset; its implicit value has changed in
Git 2.0 from 'matching' to 'simple'. To squelch this message
and maintain the traditional behavior, use:

  git config --global push.default matching

To squelch this message and adopt the new behavior now, use:

  git config --global push.default simple

When push.default is set to 'matching', git will push local branches
to the remote branches that already exist with the same name.

Since Git 2.0, Git defaults to the more conservative 'simple'
behavior, which only pushes the current branch to the corresponding
remote branch that 'git pull' uses to update the current branch.

See 'git help config' and search for 'push.default' for further information.
(the 'simple' mode was introduced in Git 1.7.11. Use the similar mode
'current' instead of 'simple' if you sometimes use older versions of Git)

Username for 'https://github.com': EleanorHayes
Password for 'https://EleanorHayes@github.com': 
To https://github.com/CSCI241Spring2019/lab-1-EleanorHayes.git
 ! [rejected]        master -> master (fetch first)
error: failed to push some refs to 'https://github.com/CSCI241Spring2019/lab-1-EleanorHayes.git'
hint: Updates were rejected because the remote contains work that you do
hint: not have locally. This is usually caused by another repository pushing
hint: to the same ref. You may want to first integrate the remote changes
hint: (e.g., 'git pull ...') before pushing again.
hint: See the 'Note about fast-forwards' in 'git push --help' for details.
hayese20@CF165-07:~/csci241/lab-1-EleanorHayes$ git commit -m 
error: switch `m' requires a value
usage: git commit [<options>] [--] <pathspec>...

    -q, --quiet           suppress summary after successful commit
    -v, --verbose         show diff in commit message template

Commit message options
    -F, --file <file>     read message from file
    --author <author>     override author for commit
    --date <date>         override date for commit
    -m, --message <message>
                          commit message
    -c, --reedit-message <commit>
                          reuse and edit message from specified commit
    -C, --reuse-message <commit>
                          reuse message from specified commit
    --fixup <commit>      use autosquash formatted message to fixup specified commit
    --squash <commit>     use autosquash formatted message to squash specified commit
    --reset-author        the commit is authored by me now (used with -C/-c/--amend)
    -s, --signoff         add Signed-off-by:
    -t, --template <file>
                          use specified template file
    -e, --edit            force edit of commit
    --cleanup <default>   how to strip spaces and #comments from message
    --status              include status in commit message template
    -S, --gpg-sign[=<key-id>]
                          GPG sign commit

Commit contents options
    -a, --all             commit all changed files
    -i, --include         add specified files to index for commit
    --interactive         interactively add files
    -p, --patch           interactively add changes
    -o, --only            commit only specified files
    -n, --no-verify       bypass pre-commit hook
    --dry-run             show what would be committed
    --short               show status concisely
    --branch              show branch information
    --porcelain           machine-readable output
    --long                show status in long format (default)
    -z, --null            terminate entries with NUL
    --amend               amend previous commit
    --no-post-rewrite     bypass post-rewrite hook
    -u, --untracked-files[=<mode>]
                          show untracked files, optional modes: all, normal, no. (Default: all)

hayese20@CF165-07:~/csci241/lab-1-EleanorHayes$ git commit[K[K[K[K[K[K[K[K[K[Kgit status
On branch master
Your branch is ahead of 'origin/master' by 1 commit.
  (use "git push" to publish your local commits)
Changes to be committed:
  (use "git reset HEAD <file>..." to unstage)

	[32mmodified:   writeup.txt[m

hayese20@CF165-07:~/csci241/lab-1-EleanorHayes$ git add writeup.txt 
hayese20@CF165-07:~/csci241/lab-1-EleanorHayes$ git commit - m[K[Km "Added writeup again"
[master ce0e1ea] Added writeup again
 1 file changed, 1 insertion(+), 1 deletion(-)
hayese20@CF165-07:~/csci241/lab-1-EleanorHayes$ git po[Kush
warning: push.default is unset; its implicit value has changed in
Git 2.0 from 'matching' to 'simple'. To squelch this message
and maintain the traditional behavior, use:

  git config --global push.default matching

To squelch this message and adopt the new behavior now, use:

  git config --global push.default simple

When push.default is set to 'matching', git will push local branches
to the remote branches that already exist with the same name.

Since Git 2.0, Git defaults to the more conservative 'simple'
behavior, which only pushes the current branch to the corresponding
remote branch that 'git pull' uses to update the current branch.

See 'git help config' and search for 'push.default' for further information.
(the 'simple' mode was introduced in Git 1.7.11. Use the similar mode
'current' instead of 'simple' if you sometimes use older versions of Git)

Username for 'https://github.com': EleanorHayes
Password for 'https://EleanorHayes@github.com': 
To https://github.com/CSCI241Spring2019/lab-1-EleanorHayes.git
 ! [rejected]        master -> master (fetch first)
error: failed to push some refs to 'https://github.com/CSCI241Spring2019/lab-1-EleanorHayes.git'
hint: Updates were rejected because the remote contains work that you do
hint: not have locally. This is usually caused by another repository pushing
hint: to the same ref. You may want to first integrate the remote changes
hint: (e.g., 'git pull ...') before pushing again.
hint: See the 'Note about fast-forwards' in 'git push --help' for details.
hayese20@CF165-07:~/csci241/lab-1-EleanorHayes$ git status
On branch master
Your branch is ahead of 'origin/master' by 2 commits.
  (use "git push" to publish your local commits)
nothing to commit, working directory clean
hayese20@CF165-07:~/csci241/lab-1-EleanorHayes$ git push
warning: push.default is unset; its implicit value has changed in
Git 2.0 from 'matching' to 'simple'. To squelch this message
and maintain the traditional behavior, use:

  git config --global push.default matching

To squelch this message and adopt the new behavior now, use:

  git config --global push.default simple

When push.default is set to 'matching', git will push local branches
to the remote branches that already exist with the same name.

Since Git 2.0, Git defaults to the more conservative 'simple'
behavior, which only pushes the current branch to the corresponding
remote branch that 'git pull' uses to update the current branch.

See 'git help config' and search for 'push.default' for further information.
(the 'simple' mode was introduced in Git 1.7.11. Use the similar mode
'current' instead of 'simple' if you sometimes use older versions of Git)

Username for 'https://github.com': ELeanorH       leanorHayes
Password for 'https://EleanorHayes@github.com': 
To https://github.com/CSCI241Spring2019/lab-1-EleanorHayes.git
 ! [rejected]        master -> master (fetch first)
error: failed to push some refs to 'https://github.com/CSCI241Spring2019/lab-1-EleanorHayes.git'
hint: Updates were rejected because the remote contains work that you do
hint: not have locally. This is usually caused by another repository pushing
hint: to the same ref. You may want to first integrate the remote changes
hint: (e.g., 'git pull ...') before pushing again.
hint: See the 'Note about fast-forwards' in 'git push --help' for details.
hayese20@CF165-07:~/csci241/lab-1-EleanorHayes$ git pull
remote: Enumerating objects: 8, done.[K
remote: Counting objects:  12% (1/8)   [Kremote: Counting objects:  25% (2/8)   [Kremote: Counting objects:  37% (3/8)   [Kremote: Counting objects:  50% (4/8)   [Kremote: Counting objects:  62% (5/8)   [Kremote: Counting objects:  75% (6/8)   [Kremote: Counting objects:  87% (7/8)   [Kremote: Counting objects: 100% (8/8)   [Kremote: Counting objects: 100% (8/8), done.[K
remote: Compressing objects:  25% (1/4)   [Kremote: Compressing objects:  50% (2/4)   [Kremote: Compressing objects:  75% (3/4)   [Kremote: Compressing objects: 100% (4/4)   [Kremote: Compressing objects: 100% (4/4), done.[K
remote: Total 6 (delta 2), reused 0 (delta 0), pack-reused 0[K
Unpacking objects:  16% (1/6)   Unpacking objects:  33% (2/6)   Unpacking objects:  50% (3/6)   Unpacking objects:  66% (4/6)   Unpacking objects:  83% (5/6)   Unpacking objects: 100% (6/6)   Unpacking objects: 100% (6/6), done.
From https://github.com/CSCI241Spring2019/lab-1-EleanorHayes
   eb4028f..ec617d0  master     -> origin/master
Auto-merging writeup.txt
CONFLICT (content): Merge conflict in writeup.txt
Automatic merge failed; fix conflicts and then commit the result.
hayese20@CF165-07:~/csci241/lab-1-EleanorHayes$ git status
On branch master
Your branch and 'origin/master' have diverged,
and have 2 and 2 different commits each, respectively.
  (use "git pull" to merge the remote branch into yours)
You have unmerged paths.
  (fix conflicts and run "git commit")

Unmerged paths:
  (use "git add <file>..." to mark resolution)

	[31mboth modified:   writeup.txt[m

no changes added to commit (use "git add" and/or "git commit -a")
hayese20@CF165-07:~/csci241/lab-1-EleanorHayes$ git add 
build.gradle  .git/         src/          writeup.txt   
hayese20@CF165-07:~/csci241/lab-1-EleanorHayes$ git add 
build.gradle  .git/         src/          writeup.txt   
hayese20@CF165-07:~/csci241/lab-1-EleanorHayes$ git add 
build.gradle  .git/         src/          writeup.txt   
hayese20@CF165-07:~/csci241/lab-1-EleanorHayes$ git add 
build.gradle  .git/         src/          writeup.txt   
hayese20@CF165-07:~/csci241/lab-1-EleanorHayes$ git add 
build.gradle  .git/         src/          writeup.txt   
hayese20@CF165-07:~/csci241/lab-1-EleanorHayes$ git add 
build.gradle  .git/         src/          writeup.txt   
hayese20@CF165-07:~/csci241/lab-1-EleanorHayes$ git add 
build.gradle  .git/         src/          writeup.txt   
hayese20@CF165-07:~/csci241/lab-1-EleanorHayes$ git add 
build.gradle  .git/         src/          writeup.txt   
hayese20@CF165-07:~/csci241/lab-1-EleanorHayes$ git add 
build.gradle  .git/         src/          writeup.txt   
hayese20@CF165-07:~/csci241/lab-1-EleanorHayes$ git add git status
fatal: pathspec 'git' did not match any files
hayese20@CF165-07:~/csci241/lab-1-EleanorHayes$ git astatu[K[K[K[K[K[Kstatus
On branch master
Your branch and 'origin/master' have diverged,
and have 2 and 2 different commits each, respectively.
  (use "git pull" to merge the remote branch into yours)
You have unmerged paths.
  (fix conflicts and run "git commit")

Unmerged paths:
  (use "git add <file>..." to mark resolution)

	[31mboth modified:   writeup.txt[m

no changes added to commit (use "git add" and/or "git commit -a")
hayese20@CF165-07:~/csci241/lab-1-EleanorHayes$ git add writeup.txt
hayese20@CF165-07:~/csci241/lab-1-EleanorHayes$ git commit -m "Tried again"
[master 3e4a782] Tried again
hayese20@CF165-07:~/csci241/lab-1-EleanorHayes$ git status
On branch master
Your branch is ahead of 'origin/master' by 3 commits.
  (use "git push" to publish your local commits)
nothing to commit, working directory clean
hayese20@CF165-07:~/csci241/lab-1-EleanorHayes$ git pu;[Kll
Already up-to-date.
hayese20@CF165-07:~/csci241/lab-1-EleanorHayes$ git push
warning: push.default is unset; its implicit value has changed in
Git 2.0 from 'matching' to 'simple'. To squelch this message
and maintain the traditional behavior, use:

  git config --global push.default matching

To squelch this message and adopt the new behavior now, use:

  git config --global push.default simple

When push.default is set to 'matching', git will push local branches
to the remote branches that already exist with the same name.

Since Git 2.0, Git defaults to the more conservative 'simple'
behavior, which only pushes the current branch to the corresponding
remote branch that 'git pull' uses to update the current branch.

See 'git help config' and search for 'push.default' for further information.
(the 'simple' mode was introduced in Git 1.7.11. Use the similar mode
'current' instead of 'simple' if you sometimes use older versions of Git)

Username for 'https://github.com': EleanorHayes
Password for 'https://EleanorHayes@github.com': 
Counting objects: 9, done.
Delta compression using up to 8 threads.
Compressing objects:  14% (1/7)   Compressing objects:  28% (2/7)   Compressing objects:  42% (3/7)   Compressing objects:  57% (4/7)   Compressing objects:  71% (5/7)   Compressing objects:  85% (6/7)   Compressing objects: 100% (7/7)   Compressing objects: 100% (7/7), done.
Writing objects:  11% (1/9)   Writing objects:  22% (2/9)   Writing objects:  33% (3/9)   Writing objects:  44% (4/9)   Writing objects:  55% (5/9)   Writing objects:  66% (6/9)   Writing objects:  77% (7/9)   Writing objects:  88% (8/9)   Writing objects: 100% (9/9)   Writing objects: 100% (9/9), 903 bytes | 0 bytes/s, done.
Total 9 (delta 3), reused 0 (delta 0)
remote: Resolving deltas:   0% (0/3)   [Kremote: Resolving deltas: 100% (3/3)   [Kremote: Resolving deltas: 100% (3/3), completed with 1 local object.[K
To https://github.com/CSCI241Spring2019/lab-1-EleanorHayes.git
   ec617d0..3e4a782  master -> master
hayese20@CF165-07:~/csci241/lab-1-EleanorHayes$ git add writeup.tc[Kxt
hayese20@CF165-07:~/csci241/lab-1-EleanorHayes$ git commit -m "Tried again again"
[master 5c11f2b] Tried again again
 1 file changed, 1 insertion(+), 4 deletions(-)
hayese20@CF165-07:~/csci241/lab-1-EleanorHayes$ git push
warning: push.default is unset; its implicit value has changed in
Git 2.0 from 'matching' to 'simple'. To squelch this message
and maintain the traditional behavior, use:

  git config --global push.default matching

To squelch this message and adopt the new behavior now, use:

  git config --global push.default simple

When push.default is set to 'matching', git will push local branches
to the remote branches that already exist with the same name.

Since Git 2.0, Git defaults to the more conservative 'simple'
behavior, which only pushes the current branch to the corresponding
remote branch that 'git pull' uses to update the current branch.

See 'git help config' and search for 'push.default' for further information.
(the 'simple' mode was introduced in Git 1.7.11. Use the similar mode
'current' instead of 'simple' if you sometimes use older versions of Git)

Username for 'https://github.com': EleanorHayt es
Password for 'https://EleanorHayes@github.com': 
Counting objects: 3, done.
Delta compression using up to 8 threads.
Compressing objects:  50% (1/2)   Compressing objects: 100% (2/2)   Compressing objects: 100% (2/2), done.
Writing objects:  33% (1/3)   Writing objects:  66% (2/3)   Writing objects: 100% (3/3)   Writing objects: 100% (3/3), 291 bytes | 0 bytes/s, done.
Total 3 (delta 1), reused 0 (delta 0)
remote: Resolving deltas:   0% (0/1)   [Kremote: Resolving deltas: 100% (1/1)   [Kremote: Resolving deltas: 100% (1/1), completed with 1 local object.[K
To https://github.com/CSCI241Spring2019/lab-1-EleanorHayes.git
   3e4a782..5c11f2b  master -> master
hayese20@CF165-07:~/csci241/lab-1-EleanorHayes$ touchuser[K[K[K[K username.txt
hayese20@CF165-07:~/csci241/lab-1-EleanorHayes$ git add username.txt
hayese20@CF165-07:~/csci241/lab-1-EleanorHayes$ git commit im "added mpty[K[K[K[Kempty username file"
error: pathspec 'im' did not match any file(s) known to git.
error: pathspec 'added empty username file' did not match any file(s) known to git.
hayese20@CF165-07:~/csci241/lab-1-EleanorHayes$ git commit -m 'added empty username file"
> git push
> git reset
> ^C
hayese20@CF165-07:~/csci241/lab-1-EleanorHayes$ git commit -m"[K "added empty username file"
[master 942a78f] added empty username file
 1 file changed, 0 insertions(+), 0 deletions(-)
 create mode 100644 username.txt
hayese20@CF165-07:~/csci241/lab-1-EleanorHayes$ git push
warning: push.default is unset; its implicit value has changed in
Git 2.0 from 'matching' to 'simple'. To squelch this message
and maintain the traditional behavior, use:

  git config --global push.default matching

To squelch this message and adopt the new behavior now, use:

  git config --global push.default simple

When push.default is set to 'matching', git will push local branches
to the remote branches that already exist with the same name.

Since Git 2.0, Git defaults to the more conservative 'simple'
behavior, which only pushes the current branch to the corresponding
remote branch that 'git pull' uses to update the current branch.

See 'git help config' and search for 'push.default' for further information.
(the 'simple' mode was introduced in Git 1.7.11. Use the similar mode
'current' instead of 'simple' if you sometimes use older versions of Git)

Username for 'https://github.com': EleanorHAy  ayes
Password for 'https://EleanorHayes@github.com': 
Counting objects: 3, done.
Delta compression using up to 8 threads.
Compressing objects:  50% (1/2)   Compressing objects: 100% (2/2)   Compressing objects: 100% (2/2), done.
Writing objects:  33% (1/3)   Writing objects:  66% (2/3)   Writing objects: 100% (3/3)   Writing objects: 100% (3/3), 355 bytes | 0 bytes/s, done.
Total 3 (delta 0), reused 0 (delta 0)
To https://github.com/CSCI241Spring2019/lab-1-EleanorHayes.git
   5c11f2b..942a78f  master -> master
hayese20@CF165-07:~/csci241/lab-1-EleanorHayes$ git add username.txt
hayese20@CF165-07:~/csci241/lab-1-EleanorHayes$ git commit -m "Added names to username file"
[master 6b83789] Added names to username file
 1 file changed, 1 insertion(+)
hayese20@CF165-07:~/csci241/lab-1-EleanorHayes$ git status
On branch master
Your branch is ahead of 'origin/master' by 1 commit.
  (use "git push" to publish your local commits)
nothing to commit, working directory clean
hayese20@CF165-07:~/csci241/lab-1-EleanorHayes$ git push
warning: push.default is unset; its implicit value has changed in
Git 2.0 from 'matching' to 'simple'. To squelch this message
and maintain the traditional behavior, use:

  git config --global push.default matching

To squelch this message and adopt the new behavior now, use:

  git config --global push.default simple

When push.default is set to 'matching', git will push local branches
to the remote branches that already exist with the same name.

Since Git 2.0, Git defaults to the more conservative 'simple'
behavior, which only pushes the current branch to the corresponding
remote branch that 'git pull' uses to update the current branch.

See 'git help config' and search for 'push.default' for further information.
(the 'simple' mode was introduced in Git 1.7.11. Use the similar mode
'current' instead of 'simple' if you sometimes use older versions of Git)

Username for 'https://github.com': EleanorHayes
Password for 'https://EleanorHayes@github.com': 
Counting objects: 3, done.
Delta compression using up to 8 threads.
Compressing objects:  50% (1/2)   Compressing objects: 100% (2/2)   Compressing objects: 100% (2/2), done.
Writing objects:  33% (1/3)   Writing objects:  66% (2/3)   Writing objects: 100% (3/3)   Writing objects: 100% (3/3), 294 bytes | 0 bytes/s, done.
Total 3 (delta 1), reused 0 (delta 0)
remote: Resolving deltas:   0% (0/1)   [Kremote: Resolving deltas: 100% (1/1)   [Kremote: Resolving deltas: 100% (1/1), completed with 1 local object.[K
To https://github.com/CSCI241Spring2019/lab-1-EleanorHayes.git
   942a78f..6b83789  master -> master
hayese20@CF165-07:~/csci241/lab-1-EleanorHayes$ git reset[K[K[K[K[Ktouch extr[K[K[K[Kh[Kcommandlearn.txt
git: 'touch' is not a git command. See 'git --help'.
hayese20@CF165-07:~/csci241/lab-1-EleanorHayes$ touch commanlearn.txt[K[K[K[K[K[K[K[K[Kdlearn.txt
hayese20@CF165-07:~/csci241/lab-1-EleanorHayes$ git commit -m "Added new file to practice with"[K[K[K[K[K[K[K[K[K[K[K[K[K[K[K[K[K[K[K[K[K[K[K[K[K[K[K[K[K[K[K[K[K[K[K[K[K[K[K[K[K[K[Kadd commandlearn
fatal: pathspec 'commandlearn' did not match any files
hayese20@CF165-07:~/csci241/lab-1-EleanorHayes$ git add commandlearn.txt
hayese20@CF165-07:~/csci241/lab-1-EleanorHayes$ git commit -m "Added r[Knew file to practice commans"
[master efa7093] Added new file to practice commans
 1 file changed, 0 insertions(+), 0 deletions(-)
 create mode 100644 commandlearn.txt
hayese20@CF165-07:~/csci241/lab-1-EleanorHayes$ git add commandlearn.txt
hayese20@CF165-07:~/csci241/lab-1-EleanorHayes$ git commit -m "Added ra[K[Kpractice line"
[master 5c10361] Added practice line
 1 file changed, 1 insertion(+)
hayese20@CF165-07:~/csci241/lab-1-EleanorHayes$ git push
warning: push.default is unset; its implicit value has changed in
Git 2.0 from 'matching' to 'simple'. To squelch this message
and maintain the traditional behavior, use:

  git config --global push.default matching

To squelch this message and adopt the new behavior now, use:

  git config --global push.default simple

When push.default is set to 'matching', git will push local branches
to the remote branches that already exist with the same name.

Since Git 2.0, Git defaults to the more conservative 'simple'
behavior, which only pushes the current branch to the corresponding
remote branch that 'git pull' uses to update the current branch.

See 'git help config' and search for 'push.default' for further information.
(the 'simple' mode was introduced in Git 1.7.11. Use the similar mode
'current' instead of 'simple' if you sometimes use older versions of Git)

Username for 'https://github.com': EleanorHayes
Password for 'https://EleanorHayes@github.com': 
Counting objects: 6, done.
Delta compression using up to 8 threads.
Compressing objects:  25% (1/4)   Compressing objects:  50% (2/4)   Compressing objects:  75% (3/4)   Compressing objects: 100% (4/4)   Compressing objects: 100% (4/4), done.
Writing objects:  16% (1/6)   Writing objects:  33% (2/6)   Writing objects:  50% (3/6)   Writing objects:  66% (4/6)   Writing objects:  83% (5/6)   Writing objects: 100% (6/6)   Writing objects: 100% (6/6), 571 bytes | 0 bytes/s, done.
Total 6 (delta 2), reused 0 (delta 0)
remote: Resolving deltas:   0% (0/2)   [Kremote: Resolving deltas: 100% (2/2)   [Kremote: Resolving deltas: 100% (2/2), completed with 1 local object.[K
gitTo https://github.com/CSCI241Spring2019/lab-1-EleanorHayes.git
   6b83789..5c10361  master -> master
hayese20@CF165-07:~/csci241/lab-1-EleanorHayes$ git reset commandlearn.txt
hayese20@CF165-07:~/csci241/lab-1-EleanorHayes$ git push
warning: push.default is unset; its implicit value has changed in
Git 2.0 from 'matching' to 'simple'. To squelch this message
and maintain the traditional behavior, use:

  git config --global push.default matching

To squelch this message and adopt the new behavior now, use:

  git config --global push.default simple

When push.default is set to 'matching', git will push local branches
to the remote branches that already exist with the same name.

Since Git 2.0, Git defaults to the more conservative 'simple'
behavior, which only pushes the current branch to the corresponding
remote branch that 'git pull' uses to update the current branch.

See 'git help config' and search for 'push.default' for further information.
(the 'simple' mode was introduced in Git 1.7.11. Use the similar mode
'current' instead of 'simple' if you sometimes use older versions of Git)

Username for 'https://github.com': EleanorHayes
Password for 'https://EleanorHayes@github.com': 
Everything up-to-date
hayese20@CF165-07:~/csci241/lab-1-EleanorHayes$ git rm commandlearn.txt
rm 'commandlearn.txt'
hayese20@CF165-07:~/csci241/lab-1-EleanorHayes$ git mv c[Kwrite.txt[K[K[K[Kup.txt writeup2.txt
hayese20@CF165-07:~/csci241/lab-1-EleanorHayes$ git mc [K[Kv writeup2.txt writeup.txt
hayese20@CF165-07:~/csci241/lab-1-EleanorHayes$ git p[K[K[K[K[Kgit blame username.txt
[?1h=6b83789f (Eleanor Hayes 2019-04-11 13:04:18 -0700 1) Eleanor Hayes,hayese20,EleanorHayes[m
[K[?1l>hayese20@CF165-07:~/csci241/lab-1-EleanorHayes$ git log username.txt
[?1h=[33mcommit 6b83789fcac57d0646b110ba6aa9e55dc0e1eee6[m[m
Author: Eleanor Hayes <hayese20@wwu.edu>[m
Date:   Thu Apr 11 13:04:18 2019 -0700[m
[m
    Added names to username file[m
[m
[33mcommit 942a78f253f90116b0fc057b716d8b64f3ba3c95[m[m
Author: Eleanor Hayes <hayese20@wwu.edu>[m
Date:   Thu Apr 11 13:02:02 2019 -0700[m
[m
    added empty username file[m
[K[?1l>hayese20@CF165-07:~/csci241/lab-1-EleanorHayes$ git diff writeup.txt
[?1h=[K[?1l>hayese20@CF165-07:~/csci241/lab-1-EleanorHayes$ git diff writeup.txt
[?1h=[K[?1l>hayese20@CF165-07:~/csci241/lab-1-EleanorHayes$ git diff username.txt
[?1h=[K[?1l>hayese20@CF165-07:~/csci241/lab-1-EleanorHayes$ git diff 5c10361 efa7093
[?1h=[1mdiff --git a/commandlearn.txt b/commandlearn.txt[m[m
[1mindex 3adf652..e69de29 100644[m[m
[1m--- a/commandlearn.txt[m[m
[1m+++ b/commandlearn.txt[m[m
[36m@@ -1 +0,0 @@[m[m
[31m-1) Practice Line[m[m
[K[?1l>hayese20@CF165-07:~/csci241/lab-1-EleanorHayes$ git dif[K[K[K[K[K[K[Kg[Kgit checkout -b question 3[K[K3
D	commandlearn.txt
Switched to a new branch 'question3'
hayese20@CF165-07:~/csci241/lab-1-EleanorHayes$ add[K[K[Kgit add writeup.txt
hayese20@CF165-07:~/csci241/lab-1-EleanorHayes$ git commit -,[Km "Added third line, favorite song"
[question3 b85534b] Added third line, favorite song
 2 files changed, 1 insertion(+), 1 deletion(-)
 delete mode 100644 commandlearn.txt
hayese20@CF165-07:~/csci241/lab-1-EleanorHayes$ git mergequestion [K3[K[K[K[K[K[K[K[K[K question3
Already up-to-date.
hayese20@CF165-07:~/csci241/lab-1-EleanorHayes$ git branch -d question3
error: Cannot delete the branch 'question3' which you are currently on.
hayese20@CF165-07:~/csci241/lab-1-EleanorHayes$ git checkout question3
Already on 'question3'
hayese20@CF165-07:~/csci241/lab-1-EleanorHayes$ git merge question3
Already up-to-date.
hayese20@CF165-07:~/csci241/lab-1-EleanorHayes$ git checkout -b master
fatal: A branch named 'master' already exists.
hayese20@CF165-07:~/csci241/lab-1-EleanorHayes$ git checkout master
Switched to branch 'master'
Your branch is up-to-date with 'origin/master'.
hayese20@CF165-07:~/csci241/lab-1-EleanorHayes$ git merge question3
Updating 5c10361..b85534b
Fast-forward
 commandlearn.txt | 1 [31m-[m
 writeup.txt      | 1 [32m+[m
 2 files changed, 1 insertion(+), 1 deletion(-)
 delete mode 100644 commandlearn.txt
hayese20@CF165-07:~/csci241/lab-1-EleanorHayes$ gitbra[K[K[K branch -d question3
Deleted branch question3 (was b85534b).
hayese20@CF165-07:~/csci241/lab-1-EleanorHayes$ git push
warning: push.default is unset; its implicit value has changed in
Git 2.0 from 'matching' to 'simple'. To squelch this message
and maintain the traditional behavior, use:

  git config --global push.default matching

To squelch this message and adopt the new behavior now, use:

  git config --global push.default simple

When push.default is set to 'matching', git will push local branches
to the remote branches that already exist with the same name.

Since Git 2.0, Git defaults to the more conservative 'simple'
behavior, which only pushes the current branch to the corresponding
remote branch that 'git pull' uses to update the current branch.

See 'git help config' and search for 'push.default' for further information.
(the 'simple' mode was introduced in Git 1.7.11. Use the similar mode
'current' instead of 'simple' if you sometimes use older versions of Git)

Username for 'https://github.com': EleanorHayes
Password for 'https://EleanorHayes@github.com': 
Counting objects: 3, done.
Delta compression using up to 8 threads.
Compressing objects:  33% (1/3)   Compressing objects:  66% (2/3)   Compressing objects: 100% (3/3)   Compressing objects: 100% (3/3), done.
Writing objects:  33% (1/3)   Writing objects:  66% (2/3)   Writing objects: 100% (3/3)   Writing objects: 100% (3/3), 350 bytes | 0 bytes/s, done.
Total 3 (delta 1), reused 0 (delta 0)
remote: Resolving deltas:   0% (0/1)   [Kremote: Resolving deltas: 100% (1/1)   [Kremote: Resolving deltas: 100% (1/1), completed with 1 local object.[K
To https://github.com/CSCI241Spring2019/lab-1-EleanorHayes.git
   5c10361..b85534b  master -> master
hayese20@CF165-07:~/csci241/lab-1-EleanorHayes$ gradle build
[0m
Welcome to Gradle 5.0!

Here are the highlights of this release:
 - Kotlin DSL 1.0
 - Task timeouts
 - Dependency alignment aka BOM support
 - Interactive `gradle init`

For more details see https://docs.gradle.org/5.0/release-notes.html

Starting a Gradle Daemon (subsequent builds will be faster)


[2A[1B[1m> Starting Daemon[m[17D[1B[1A[1m> Starting Daemon[m[17D[1B[1A[1m> Starting Daemon[m[17D[1B[1A[1m> Starting Daemon[m[17D[1B[1A[1m> Starting Daemon[m[17D[1B[1A[1m> Starting Daemon[m[17D[1B[1A[1m> Starting Daemon[m[17D[1B[1A[1m> Starting Daemon[m[17D[1B[1A[1m> Starting Daemon[m[17D[1B[1A[1m> Starting Daemon[m[17D[1B[1A> IDLE[0K[6D[1B[2A[1m<[0;32;1;0;39;1m-------------> 0% INITIALIZING [0s][m[36D[1B[1m> Evaluating settings[m[21D[1B[2A[1m<[0;32;1;0;39;1m-------------> 0% INITIALIZING [0s][m[36D[1B[1m> Evaluating settings[m[21D[1B[2A[1m<[0;32;1;0;39;1m-------------> 0% INITIALIZING [0s][m[36D[1B[1m> Evaluating settings[m[21D[1B[2A[1m<[0;32;1;0;39;1m-------------> 0% INITIALIZING [0s][m[36D[1B> IDLE[0K[6D[1B[2A[1m<[0;32;1;0;39;1m-------------> 0% CONFIGURING [0s][m[0K[35D[1B[1m> Loading projects[m[18D[1B[2A[1m<[0;32;1;0;39;1m-------------> 0% CONFIGURING [0s][m[35D[1B[1m> root project[m[0K[14D[1B[2A[1m<[0;32;1;0;39;1m-------------> 0% CONFIGURING [0s][m[35D[1B[1m> root project > Compiling /home/hayese20/csci241/lab-1-EleanorHayes/build.gradle into local compilation cache[m[110D[1B[2A[1m<[0;32;1;0;39;1m-------------> 0% CONFIGURING [0s][m[35D[1B[1m> root project > Compiling /home/hayese20/csci241/lab-1-EleanorHayes/build.gradle into local compilation cache[m[110D[1B[2A[1m<[0;32;1;0;39;1m-------------> 0% CONFIGURING [0s][m[35D[1B[1m> root project > Compiling /home/hayese20/csci241/lab-1-EleanorHayes/build.gradle into local compilation cache[m[110D[1B[2A[1m<[0;32;1;0;39;1m-------------> 0% CONFIGURING [0s][m[35D[1B[1m> root project[m[0K[14D[1B[2A[1m<[0;32;1;0;39;1m-------------> 0% CONFIGURING [1s][m[35D[1B[1m> root project[m[14D[1B[2A[1m<[0;32;1;0;39;1m-------------> 0% CONFIGURING [1s][m[35D[1B[1m> root project[m[14D[1B[2A[1m<[0;32;1m=============[0;39;1m> 100% CONFIGURING [1s][m[37D[1B> IDLE[0K[6D[1B[2A[1m<[0;32;1m=============[0;39;1m> 100% CONFIGURING [1s][m[37D[2B[2A[1m<[0;32;1m=============[0;39;1m> 100% CONFIGURING [1s][m[37D[2B[2A[1m<[0;32;1;0;39;1m-------------> 0% EXECUTING [1s][m[0K[33D[1B[1m> :compileJava[m[14D[1B[2A[1m<[0;32;1;0;39;1m-------------> 0% EXECUTING [1s][m[33D[1B[1m> :compileJava[m[14D[1B[2A[1m<[0;32;1;0;39;1m-------------> 0% EXECUTING [1s][m[33D[1B[1m> :compileJava[m[14D[1B[2A[1m<[0;32;1m===[0;39;1m----------> 28% EXECUTING [1s][m[34D[1B[1m> :startScripts[m[15D[1B[2A[1m<[0;32;1m===[0;39;1m----------> 28% EXECUTING [1s][m[34D[1B[1m> :startScripts[m[15D[1B[2A[0K
[32;1mBUILD SUCCESSFUL[0;39m in 4s
5 actionable tasks: 5 executed
[0K
[0K
[2A[1m<[0;32;1;0;39;1m-------------> 0% WAITING[m[26D[1B> IDLE[6D[1B[2A[1m<[0;32;1;0;39;1m-------------> 0% WAITING[m[26D[2B[2A[2K[1B[2K[1A[0mhayese20@CF165-07:~/csci241/lab-1-EleanorHayes$ gradle run
[0m

[2A[1m<[0;32;1m=========[0;39;1m----> 75% EXECUTING [0s][m[34D[1B[1m> :run[m[6D[1B[2A[0K
[1m> Task :run[m
Hello World!

[32;1mBUILD SUCCESSFUL[0;39m in 0s
2 actionable tasks: 1 executed, 1 up-to-date
[0K
[0K
[2A[1m<[0;32;1;0;39;1m-------------> 0% WAITING[m[26D[1B[1m> :run[m[6D[1B[2A[2K[1B[2K[1A[0mhayese20@CF165-07:~/csci241/lab-1-EleanorHayes$ gradle run --args+"[K[K="CSCI241"
[0m

[2A[1m<[0;32;1;0;39;1m-------------> 0% EXECUTING [0s][m[33D[1B[1m> :compileJava[m[14D[1B[2A[1m<[0;32;1m=========[0;39;1m----> 75% EXECUTING [0s][m[34D[1B[1m> :run[m[0K[6D[1B[2A[0K
[1m> Task :run[m
Hello CSCI241

[32;1mBUILD SUCCESSFUL[0;39m in 0s
2 actionable tasks: 2 executed
[0K
[0K
[2A[1m<[0;32;1;0;39;1m-------------> 0% WAITING[m[26D[1B[1m> :run[m[6D[1B[2A[2K[1B[2K[1A[0mhayese20@CF165-07:~/csci241/lab-1-EleanorHayes$ git add src/main/java/lab1/Hello.java
hayese20@CF165-07:~/csci241/lab-1-EleanorHayes$ git commit -m "hello now prings command line arg"[KHel[K[K[K[K[K[K[K[K[K[K[K[K[K[K[K[K[K[K[K[K[K[K[K[K[K[K[K[K[K[K[K[K[K[K[K[KHello now prings [K[K[Kts command line arg"
[master 8101259] Hello now prints command line arg
 1 file changed, 1 insertion(+), 1 deletion(-)
hayese20@CF165-07:~/csci241/lab-1-EleanorHayes$ git push
warning: push.default is unset; its implicit value has changed in
Git 2.0 from 'matching' to 'simple'. To squelch this message
and maintain the traditional behavior, use:

  git config --global push.default matching

To squelch this message and adopt the new behavior now, use:

  git config --global push.default simple

When push.default is set to 'matching', git will push local branches
to the remote branches that already exist with the same name.

Since Git 2.0, Git defaults to the more conservative 'simple'
behavior, which only pushes the current branch to the corresponding
remote branch that 'git pull' uses to update the current branch.

See 'git help config' and search for 'push.default' for further information.
(the 'simple' mode was introduced in Git 1.7.11. Use the similar mode
'current' instead of 'simple' if you sometimes use older versions of Git)

Username for 'https://github.com': EleanorHayes
Password for 'https://EleanorHayes@github.com': 
Counting objects: 7, done.
Delta compression using up to 8 threads.
Compressing objects:  33% (1/3)   Compressing objects:  66% (2/3)   Compressing objects: 100% (3/3)   Compressing objects: 100% (3/3), done.
Writing objects:  14% (1/7)   Writing objects:  28% (2/7)   Writing objects:  42% (3/7)   Writing objects:  57% (4/7)   Writing objects:  71% (5/7)   Writing objects:  85% (6/7)   Writing objects: 100% (7/7)   Writing objects: 100% (7/7), 498 bytes | 0 bytes/s, done.
Total 7 (delta 2), reused 0 (delta 0)
remote: Resolving deltas:   0% (0/2)   [Kremote: Resolving deltas:  50% (1/2)   [Kremote: Resolving deltas: 100% (2/2)   [Kremote: Resolving deltas: 100% (2/2), completed with 2 local objects.[K
To https://github.com/CSCI241Spring2019/lab-1-EleanorHayes.git
   b85534b..8101259  master -> master
hayese20@CF165-07:~/csci241/lab-1-EleanorHayes$ exit
exit

Script done on Thu 11 Apr 2019 01:36:22 PM PDT
